\BOOKMARK [0][-]{chapter.1}{\376\377\000F\000i\000n\000i\000t\000e\000\040\000u\000n\000i\000f\000o\000r\000m\000\040\000p\000r\000o\000b\000a\000b\000i\000l\000i\000t\000y}{}% 1
\BOOKMARK [1][-]{section.1.1}{\376\377\000A\000v\000e\000r\000a\000g\000e\000s\000\040\000a\000n\000d\000\040\000t\000r\000a\000j\000e\000c\000t\000o\000r\000y\000\040\000e\000x\000p\000e\000c\000t\000a\000t\000i\000o\000n\000s}{chapter.1}% 2
\BOOKMARK [1][-]{section.1.2}{\376\377\000I\000n\000d\000e\000p\000e\000n\000d\000e\000n\000c\000e\000\040\000o\000v\000e\000r\000\040\000a\000\040\000p\000r\000o\000d\000u\000c\000t\000\040\000s\000p\000a\000c\000e}{chapter.1}% 3
\BOOKMARK [1][-]{section.1.3}{\376\377\000E\000l\000e\000m\000e\000n\000t\000a\000r\000y\000\040\000i\000n\000e\000q\000u\000a\000l\000i\000t\000i\000e\000s}{chapter.1}% 4
\BOOKMARK [1][-]{section.1.4}{\376\377\000A\000n\000\040\000e\000l\000e\000m\000e\000n\000t\000a\000r\000y\000\040\000C\000h\000e\000r\000n\000o\000f\000f\000\040\000b\000o\000u\000n\000d}{chapter.1}% 5
\BOOKMARK [0][-]{chapter.2}{\376\377\000R\000u\000m\000o\000r\000\040\000s\000p\000r\000e\000a\000d\000i\000n\000g\000\040\000\050\000u\000n\000i\000f\000o\000r\000m\000\040\000p\000u\000s\000h\000\051}{}% 6
\BOOKMARK [1][-]{section.2.1}{\376\377\000T\000h\000e\000\040\000m\000o\000d\000e\000l}{chapter.2}% 7
\BOOKMARK [1][-]{section.2.2}{\376\377\000M\000a\000i\000n\000\040\000t\000h\000e\000o\000r\000e\000m}{chapter.2}% 8
\BOOKMARK [1][-]{section.2.3}{\376\377\000O\000n\000e\000-\000r\000o\000u\000n\000d\000\040\000e\000s\000t\000i\000m\000a\000t\000e\000s}{chapter.2}% 9
\BOOKMARK [1][-]{section.2.4}{\376\377\000A\000d\000a\000p\000t\000i\000v\000e\000\040\000B\000e\000r\000n\000o\000u\000l\000l\000i\000\040\000t\000r\000i\000a\000l\000s}{chapter.2}% 10
\BOOKMARK [1][-]{section.2.5}{\376\377\000G\000r\000o\000w\000t\000h\000\040\000p\000h\000a\000s\000e}{chapter.2}% 11
\BOOKMARK [1][-]{section.2.6}{\376\377\000S\000a\000t\000u\000r\000a\000t\000i\000o\000n\000\040\000p\000h\000a\000s\000e}{chapter.2}% 12
\BOOKMARK [1][-]{section.2.7}{\376\377\000P\000r\000o\000o\000f\000\040\000o\000f\000\040\000t\000h\000e\000\040\000m\000a\000i\000n\000\040\000t\000h\000e\000o\000r\000e\000m}{chapter.2}% 13
\BOOKMARK [0][-]{chapter.3}{\376\377\0003\000-\000m\000a\000j\000o\000r\000i\000t\000y\000\040\000d\000y\000n\000a\000m\000i\000c\000s}{}% 14
\BOOKMARK [1][-]{section.3.1}{\376\377\000T\000h\000e\000\040\000m\000o\000d\000e\000l}{chapter.3}% 15
\BOOKMARK [1][-]{section.3.2}{\376\377\000M\000a\000i\000n\000\040\000t\000h\000e\000o\000r\000e\000m}{chapter.3}% 16
\BOOKMARK [1][-]{section.3.3}{\376\377\000T\000h\000e\000\040\000m\000a\000j\000o\000r\000i\000t\000y\000\040\000m\000a\000p}{chapter.3}% 17
\BOOKMARK [1][-]{section.3.4}{\376\377\000G\000r\000o\000w\000t\000h\000\040\000p\000h\000a\000s\000e}{chapter.3}% 18
\BOOKMARK [1][-]{section.3.5}{\376\377\000S\000a\000t\000u\000r\000a\000t\000i\000o\000n\000\040\000p\000h\000a\000s\000e}{chapter.3}% 19
\BOOKMARK [1][-]{section.3.6}{\376\377\000P\000r\000o\000o\000f\000\040\000o\000f\000\040\000t\000h\000e\000\040\000m\000a\000i\000n\000\040\000t\000h\000e\000o\000r\000e\000m}{chapter.3}% 20
